2026-01-12 08:54:35.330 | info     |             UMD | Established cluster ETH FW version: 1.7.1 (topology_discovery_blackhole.cpp:295)
2026-01-12 08:54:35.443 | info     |          Device | Opening user mode device driver (tt_cluster.cpp:209)
2026-01-12 08:54:35.646 | info     |             UMD | Established cluster ETH FW version: 1.7.1 (topology_discovery_blackhole.cpp:295)
2026-01-12 08:54:35.976 | info     |             UMD | Established cluster ETH FW version: 1.7.1 (topology_discovery_blackhole.cpp:295)
2026-01-12 08:54:36.085 | info     |             UMD | Harvesting mask for chip 0 is 0x0 (NOC0: 0x0, simulated harvesting mask: 0x0). (cluster.cpp:413)
2026-01-12 08:54:36.248 | info     |             UMD | Opening local chip ids/PCIe ids: {0}/[0] and remote chip ids {} (cluster.cpp:257)
2026-01-12 08:54:36.248 | warning  |             UMD | Firmware version 19.4.0 on the system is newer than the maximum supported version 19.0.0 for blackhole architecture. New features may not be supported. (cluster.cpp:215)
2026-01-12 08:54:36.248 | info     |             UMD | All devices in cluster running firmware version: 19.4.0 (cluster.cpp:235)
2026-01-12 08:54:36.249 | info     |             UMD | IOMMU: disabled (cluster.cpp:177)
2026-01-12 08:54:36.249 | info     |             UMD | KMD version: 2.6.0 (cluster.cpp:180)
2026-01-12 08:54:36.251 | info     |             UMD | Pinning pages for Hugepage: virtual address 0x7f38c0000000 and size 0x40000000 pinned to physical address 0x200000000 (pci_device.cpp:536)
2026-01-12 08:54:36.251 | info     |             UMD | Device: 0 Mapped iATU region 0 from 0x0 to 0x3fffffff to 0x200000000 (blackhole_tt_device.cpp:95)
2026-01-12 08:54:36.370 | info     |          Fabric | TopologyMapper mapping start (mesh=0): n_log=1, n_phys=1, log_deg_hist={0:1}, phys_deg_hist={0:1} (topology_mapper.cpp:574)
2026-01-12 08:54:38.179 | info     |           Metal | Profiler started on device 0 (device_pool.cpp:203)
2026-01-12 08:54:41.551 | info     |           Metal | [Timer] to_device: 607 us (timer.hpp:21)
2026-01-12 08:54:41.750 | info     |           Metal | [Timer] to_device: 6143 us (timer.hpp:21)
2026-01-12 08:54:41.755 | info     |           Metal | [Timer] to_device: 234 us (timer.hpp:21)
2026-01-12 08:54:41.761 | info     |           Metal | [Timer] to_device: 176 us (timer.hpp:21)
2026-01-12 08:54:42.588 | info     |           Metal | [Timer] compile_and_cache_program: 826957 us (timer.hpp:21)
2026-01-12 08:54:42.588 | info     |           Metal | [Timer] transpose: 827367 us (timer.hpp:21)
2026-01-12 08:54:43.704 | info     |           Metal | [Timer] compile_and_cache_program: 1115141 us (timer.hpp:21)
2026-01-12 08:54:43.704 | info     |           Metal | [Timer] matmul: 1115615 us (timer.hpp:21)
2026-01-12 08:54:43.707 | info     |           Metal | [Timer] compile_and_cache_program: 2886 us (timer.hpp:21)
2026-01-12 08:54:43.707 | info     |           Metal | [Timer] transpose: 3237 us (timer.hpp:21)
2026-01-12 08:54:44.657 | info     |           Metal | [Timer] compile_and_cache_program: 949689 us (timer.hpp:21)
2026-01-12 08:54:44.658 | info     |           Metal | [Timer] add: 950168 us (timer.hpp:21)
2026-01-12 08:54:44.973 | info     |           Metal | [Timer] to_device: 6367 us (timer.hpp:21)
2026-01-12 08:54:44.980 | info     |           Metal | [Timer] to_device: 263 us (timer.hpp:21)
2026-01-12 08:54:44.986 | info     |           Metal | [Timer] to_device: 173 us (timer.hpp:21)
2026-01-12 08:54:45.855 | info     |           Metal | [Timer] compile_and_cache_program: 869632 us (timer.hpp:21)
2026-01-12 08:54:45.858 | info     |           Metal | [Timer] transpose: 487 us (timer.hpp:21)
2026-01-12 08:54:45.859 | info     |           Metal | [Timer] matmul: 516 us (timer.hpp:21)
2026-01-12 08:54:45.859 | info     |           Metal | [Timer] transpose: 512 us (timer.hpp:21)
2026-01-12 08:54:45.860 | info     |           Metal | [Timer] add: 328 us (timer.hpp:21)
2026-01-12 08:54:45.863 | info     |           Metal | [Timer] compile_and_cache_program: 2509 us (timer.hpp:21)
2026-01-12 08:54:45.864 | info     |           Metal | [Timer] transpose: 329 us (timer.hpp:21)
2026-01-12 08:54:45.865 | info     |           Metal | [Timer] matmul: 337 us (timer.hpp:21)
2026-01-12 08:54:45.865 | info     |           Metal | [Timer] transpose: 78 us (timer.hpp:21)
2026-01-12 08:54:45.865 | info     |           Metal | [Timer] add: 112 us (timer.hpp:21)
2026-01-12 08:54:45.867 | info     |           Metal | [Timer] compile_and_cache_program: 1403 us (timer.hpp:21)
2026-01-12 08:54:45.867 | info     |           Metal | [Timer] transpose: 87 us (timer.hpp:21)
2026-01-12 08:54:45.867 | info     |           Metal | [Timer] matmul: 226 us (timer.hpp:21)
2026-01-12 08:54:45.868 | info     |           Metal | [Timer] transpose: 64 us (timer.hpp:21)
2026-01-12 08:54:45.868 | info     |           Metal | [Timer] add: 93 us (timer.hpp:21)
2026-01-12 08:54:45.869 | info     |           Metal | [Timer] compile_and_cache_program: 1511 us (timer.hpp:21)
2026-01-12 08:54:45.870 | info     |           Metal | [Timer] transpose: 80 us (timer.hpp:21)
2026-01-12 08:54:45.870 | info     |           Metal | [Timer] matmul: 222 us (timer.hpp:21)
2026-01-12 08:54:45.870 | info     |           Metal | [Timer] transpose: 66 us (timer.hpp:21)
2026-01-12 08:54:45.870 | info     |           Metal | [Timer] add: 94 us (timer.hpp:21)
2026-01-12 08:54:45.872 | info     |           Metal | [Timer] compile_and_cache_program: 1323 us (timer.hpp:21)
2026-01-12 08:54:45.873 | info     |           Metal | [Timer] transpose: 97 us (timer.hpp:21)
2026-01-12 08:54:45.873 | info     |           Metal | [Timer] matmul: 229 us (timer.hpp:21)
2026-01-12 08:54:45.873 | info     |           Metal | [Timer] transpose: 187 us (timer.hpp:21)
2026-01-12 08:54:45.873 | info     |           Metal | [Timer] add: 221 us (timer.hpp:21)
2026-01-12 08:54:45.875 | info     |           Metal | [Timer] compile_and_cache_program: 1381 us (timer.hpp:21)
2026-01-12 08:54:45.876 | info     |           Metal | [Timer] transpose: 247 us (timer.hpp:21)
2026-01-12 08:54:45.876 | info     |           Metal | [Timer] matmul: 595 us (timer.hpp:21)
2026-01-12 08:54:45.877 | info     |           Metal | [Timer] transpose: 634 us (timer.hpp:21)
2026-01-12 08:54:45.878 | info     |           Metal | [Timer] add: 345 us (timer.hpp:21)
2026-01-12 08:54:45.881 | info     |           Metal | [Timer] compile_and_cache_program: 2665 us (timer.hpp:21)
2026-01-12 08:54:45.882 | info     |           Metal | [Timer] transpose: 223 us (timer.hpp:21)
2026-01-12 08:54:45.883 | info     |           Metal | [Timer] matmul: 298 us (timer.hpp:21)
2026-01-12 08:54:45.883 | info     |           Metal | [Timer] transpose: 124 us (timer.hpp:21)
2026-01-12 08:54:45.883 | info     |           Metal | [Timer] add: 179 us (timer.hpp:21)
2026-01-12 08:54:45.886 | info     |           Metal | [Timer] compile_and_cache_program: 2255 us (timer.hpp:21)
2026-01-12 08:54:45.887 | info     |           Metal | [Timer] transpose: 272 us (timer.hpp:21)
2026-01-12 08:54:45.887 | info     |           Metal | [Timer] matmul: 234 us (timer.hpp:21)
2026-01-12 08:54:45.887 | info     |           Metal | [Timer] transpose: 63 us (timer.hpp:21)
2026-01-12 08:54:45.888 | info     |           Metal | [Timer] add: 88 us (timer.hpp:21)
[DEBUG] Minibatch Seq - Total: 7.667ms, Transpose: 3.550ms, Pure Matmul: 2.657ms

===== TTNN Linear Benchmark (single device) =====
Comparison         : Large batch (single load) vs Minibatches (same weights; DRAM→L1 re-stream)
DType              : bfloat16
Dims               : in=4096, out=4096
Large batch        : B=256
Small batch        : b=32 x 8 (total=256)
Warmup/Measure     : 0/1 iters per case
Weight Sharding    : Disabled (DRAM)
Core Grid          : Auto (Max 13x10)

-- Single pass: LARGE batch --
Total avg (ms)     : 0.000
  Weight load (from host DRAM to device GDDR6 DRAM) (ms) : 0.000
  Forward (ms)     : 0.000

  Fine-grained phase breakdown (average per iteration):
    Weight load (Host DRAM -> GDDR6) (ms)      : 0.000
    Forward compute (ms)                     : 0.000
    Pure Matmul (ms)                         : 0.000
    Add (ms)                                 : 0.000
    Transpose (ms)                           : 0.000

-- Repeated passes: SMALL minibatch (same weights on device) --
Sequence total (ms) for 8 passes : 7.667
  Weight load sum (from host DRAM to device GDDR6 DRAM) (ms)                           : 6.630
  Forward sum (ms)                               : 7.667

  Fine-grained phase breakdown (average per sequence):
    Weight load (Host DRAM -> GDDR6) (ms)      : 6.630
    Forward compute (ms)                     : 7.667
    Pure Matmul (ms)                         : 2.657
    Add (ms)                                 : 1.460
    Transpose (ms)                           : 3.550

  Per-forward (average per minibatch):
    Forward compute (ms)                     : 0.958
    Pure Matmul (ms)                         : 0.332
    Add (ms)                                 : 0.182
    Transpose (ms)                           : 0.444

-- Overhead vs single large batch (Pure Matmul) --
Estimated overhead (ms): 2.657
Overhead percentage     : 0.00%

Results saved to: /home/masterjunmo/codes/tt-metal/research_codes/benchmark_results.csv
2026-01-12 08:54:52.829 | info     |          Device | Closing user mode device drivers (tt_cluster.cpp:425)
