2025-11-28 04:08:00.375 | DEBUG    | ttnn:<module>:78 - Initial ttnn.CONFIG:
Config{cache_path=/home/masterjunmo/.cache/ttnn,model_cache_path=/home/masterjunmo/.cache/ttnn/models,tmp_dir=/tmp/ttnn,enable_model_cache=false,enable_fast_runtime_mode=true,throw_exception_on_fallback=false,enable_logging=false,enable_graph_report=false,enable_detailed_buffer_report=false,enable_detailed_tensor_report=false,enable_comparison_mode=false,comparison_mode_should_raise_exception=false,comparison_mode_pcc=0.9999,root_report_path=generated/ttnn/reports,report_name=std::nullopt,std::nullopt}
2025-11-28 04:08:00.705 | info     |             UMD | Established cluster ETH FW version: 1.6.0 (topology_discovery_blackhole.cpp:295)
2025-11-28 04:08:00.820 | info     |          Device | Opening user mode device driver (tt_cluster.cpp:209)
2025-11-28 04:08:01.037 | info     |             UMD | Established cluster ETH FW version: 1.6.0 (topology_discovery_blackhole.cpp:295)
2025-11-28 04:08:01.386 | info     |             UMD | Established cluster ETH FW version: 1.6.0 (topology_discovery_blackhole.cpp:295)
2025-11-28 04:08:01.501 | info     |             UMD | Harvesting mask for chip 0 is 0x0 (NOC0: 0x0, simulated harvesting mask: 0x0). (cluster.cpp:413)
2025-11-28 04:08:01.603 | info     |             UMD | Opening local chip ids/PCIe ids: {0}/[0] and remote chip ids {} (cluster.cpp:257)
2025-11-28 04:08:01.603 | info     |             UMD | All devices in cluster running firmware version: 18.10.0 (cluster.cpp:235)
2025-11-28 04:08:01.603 | info     |             UMD | IOMMU: disabled (cluster.cpp:177)
2025-11-28 04:08:01.603 | info     |             UMD | KMD version: 2.4.1 (cluster.cpp:180)
2025-11-28 04:08:01.605 | info     |             UMD | Pinning pages for Hugepage: virtual address 0x7f8200000000 and size 0x40000000 pinned to physical address 0x200000000 (pci_device.cpp:536)
2025-11-28 04:08:01.605 | info     |             UMD | Device: 0 Mapped iATU region 0 from 0x0 to 0x3fffffff to 0x200000000 (blackhole_tt_device.cpp:95)
2025-11-28 04:08:01.673 | info     |          Fabric | TopologyMapper mapping start (mesh=0): n_log=1, n_phys=1, log_deg_hist={0:1}, phys_deg_hist={0:1} (topology_mapper.cpp:574)
2025-11-28 04:08:03.111 | info     |           Metal | Profiler started on device 0 (device_pool.cpp:203)
2025-11-28 04:08:06.312 | info     |           Metal | [Timer] to_device: 430 us (timer.hpp:21)
2025-11-28 04:08:06.487 | info     |           Metal | [Timer] to_device: 3728 us (timer.hpp:21)
2025-11-28 04:08:06.494 | info     |           Metal | [Timer] to_device: 84 us (timer.hpp:21)
2025-11-28 04:08:06.509 | info     |           Metal | [Timer] to_device: 335 us (timer.hpp:21)
2025-11-28 04:08:07.228 | info     |           Metal | [Timer] compile_and_cache_program: 718467 us (timer.hpp:21)
2025-11-28 04:08:07.228 | info     |           Metal | [Timer] transpose: 718593 us (timer.hpp:21)
2025-11-28 04:08:08.184 | info     |           Metal | [Timer] compile_and_cache_program: 956143 us (timer.hpp:21)
2025-11-28 04:08:08.184 | info     |           Metal | [Timer] matmul: 956402 us (timer.hpp:21)
2025-11-28 04:08:08.185 | info     |           Metal | [Timer] compile_and_cache_program: 1066 us (timer.hpp:21)
2025-11-28 04:08:08.185 | info     |           Metal | [Timer] transpose: 1149 us (timer.hpp:21)
2025-11-28 04:08:09.009 | info     |           Metal | [Timer] compile_and_cache_program: 823075 us (timer.hpp:21)
2025-11-28 04:08:09.009 | info     |           Metal | [Timer] add: 823199 us (timer.hpp:21)
2025-11-28 04:08:09.236 | info     |           Metal | [Timer] to_device: 3813 us (timer.hpp:21)
2025-11-28 04:08:09.243 | info     |           Metal | [Timer] to_device: 82 us (timer.hpp:21)
2025-11-28 04:08:09.257 | info     |           Metal | [Timer] to_device: 270 us (timer.hpp:21)
2025-11-28 04:08:09.257 | info     |           Metal | [Timer] transpose: 118 us (timer.hpp:21)
2025-11-28 04:08:09.258 | info     |           Metal | [Timer] matmul: 258 us (timer.hpp:21)
2025-11-28 04:08:09.258 | info     |           Metal | [Timer] transpose: 70 us (timer.hpp:21)
2025-11-28 04:08:09.258 | info     |           Metal | [Timer] add: 112 us (timer.hpp:21)
2025-11-28 04:08:09.258 | info     |           Metal | [Timer] transpose: 66 us (timer.hpp:21)
2025-11-28 04:08:09.258 | info     |           Metal | [Timer] matmul: 242 us (timer.hpp:21)
2025-11-28 04:08:09.258 | info     |           Metal | [Timer] transpose: 67 us (timer.hpp:21)
2025-11-28 04:08:09.259 | info     |           Metal | [Timer] add: 99 us (timer.hpp:21)
2025-11-28 04:08:09.259 | info     |           Metal | [Timer] transpose: 67 us (timer.hpp:21)
2025-11-28 04:08:09.259 | info     |           Metal | [Timer] matmul: 599 us (timer.hpp:21)
2025-11-28 04:08:09.259 | info     |           Metal | [Timer] transpose: 67 us (timer.hpp:21)
2025-11-28 04:08:09.259 | info     |           Metal | [Timer] add: 97 us (timer.hpp:21)
2025-11-28 04:08:09.260 | info     |           Metal | [Timer] transpose: 68 us (timer.hpp:21)
2025-11-28 04:08:09.260 | info     |           Metal | [Timer] matmul: 238 us (timer.hpp:21)
2025-11-28 04:08:09.260 | info     |           Metal | [Timer] transpose: 70 us (timer.hpp:21)
2025-11-28 04:08:09.260 | info     |           Metal | [Timer] add: 105 us (timer.hpp:21)
2025-11-28 04:08:09.260 | info     |           Metal | [Timer] transpose: 67 us (timer.hpp:21)
2025-11-28 04:08:09.260 | info     |           Metal | [Timer] matmul: 242 us (timer.hpp:21)
2025-11-28 04:08:09.261 | info     |           Metal | [Timer] transpose: 62 us (timer.hpp:21)
2025-11-28 04:08:09.261 | info     |           Metal | [Timer] add: 96 us (timer.hpp:21)
2025-11-28 04:08:09.261 | info     |           Metal | [Timer] transpose: 66 us (timer.hpp:21)
2025-11-28 04:08:09.261 | info     |           Metal | [Timer] matmul: 236 us (timer.hpp:21)
2025-11-28 04:08:09.261 | info     |           Metal | [Timer] transpose: 61 us (timer.hpp:21)
2025-11-28 04:08:09.261 | info     |           Metal | [Timer] add: 96 us (timer.hpp:21)
2025-11-28 04:08:09.261 | info     |           Metal | [Timer] transpose: 66 us (timer.hpp:21)
2025-11-28 04:08:09.262 | info     |           Metal | [Timer] matmul: 239 us (timer.hpp:21)
2025-11-28 04:08:09.262 | info     |           Metal | [Timer] transpose: 108 us (timer.hpp:21)
2025-11-28 04:08:09.262 | info     |           Metal | [Timer] add: 122 us (timer.hpp:21)
2025-11-28 04:08:09.440 | info     |           Metal | [Timer] to_device: 3827 us (timer.hpp:21)
2025-11-28 04:08:09.446 | info     |           Metal | [Timer] to_device: 94 us (timer.hpp:21)
2025-11-28 04:08:09.456 | info     |           Metal | [Timer] to_device: 82 us (timer.hpp:21)
2025-11-28 04:08:09.461 | info     |           Metal | [Timer] compile_and_cache_program: 5001 us (timer.hpp:21)
2025-11-28 04:08:09.461 | info     |           Metal | [Timer] transpose: 5079 us (timer.hpp:21)
2025-11-28 04:08:10.403 | info     |           Metal | [Timer] compile_and_cache_program: 941367 us (timer.hpp:21)
2025-11-28 04:08:10.403 | info     |           Metal | [Timer] matmul: 941581 us (timer.hpp:21)
2025-11-28 04:08:10.404 | info     |           Metal | [Timer] compile_and_cache_program: 1085 us (timer.hpp:21)
2025-11-28 04:08:10.404 | info     |           Metal | [Timer] transpose: 1172 us (timer.hpp:21)
2025-11-28 04:08:10.405 | info     |           Metal | [Timer] add: 99 us (timer.hpp:21)
2025-11-28 04:08:10.676 | info     |           Metal | [Timer] to_device: 3821 us (timer.hpp:21)
2025-11-28 04:08:10.683 | info     |           Metal | [Timer] to_device: 139 us (timer.hpp:21)
2025-11-28 04:08:10.690 | info     |           Metal | [Timer] to_device: 84 us (timer.hpp:21)
2025-11-28 04:08:10.690 | info     |           Metal | [Timer] transpose: 172 us (timer.hpp:21)
2025-11-28 04:08:10.692 | info     |           Metal | [Timer] matmul: 2073 us (timer.hpp:21)
2025-11-28 04:08:10.694 | info     |           Metal | [Timer] transpose: 2193 us (timer.hpp:21)
2025-11-28 04:08:10.695 | info     |           Metal | [Timer] add: 124 us (timer.hpp:21)
2025-11-28 04:08:11.403 | info     |           Metal | [Timer] compile_and_cache_program: 708780 us (timer.hpp:21)
2025-11-28 04:08:11.404 | info     |           Metal | [Timer] transpose: 172 us (timer.hpp:21)
2025-11-28 04:08:11.404 | info     |           Metal | [Timer] matmul: 230 us (timer.hpp:21)
2025-11-28 04:08:11.404 | info     |           Metal | [Timer] transpose: 61 us (timer.hpp:21)
2025-11-28 04:08:11.404 | info     |           Metal | [Timer] add: 89 us (timer.hpp:21)
2025-11-28 04:08:11.405 | info     |           Metal | [Timer] compile_and_cache_program: 783 us (timer.hpp:21)
2025-11-28 04:08:11.405 | info     |           Metal | [Timer] transpose: 67 us (timer.hpp:21)
2025-11-28 04:08:11.405 | info     |           Metal | [Timer] matmul: 212 us (timer.hpp:21)
2025-11-28 04:08:11.405 | info     |           Metal | [Timer] transpose: 56 us (timer.hpp:21)
2025-11-28 04:08:11.406 | info     |           Metal | [Timer] add: 74 us (timer.hpp:21)
2025-11-28 04:08:11.406 | info     |           Metal | [Timer] compile_and_cache_program: 737 us (timer.hpp:21)
2025-11-28 04:08:11.407 | info     |           Metal | [Timer] transpose: 65 us (timer.hpp:21)
2025-11-28 04:08:11.407 | info     |           Metal | [Timer] matmul: 213 us (timer.hpp:21)
2025-11-28 04:08:11.407 | info     |           Metal | [Timer] transpose: 55 us (timer.hpp:21)
2025-11-28 04:08:11.407 | info     |           Metal | [Timer] add: 73 us (timer.hpp:21)
2025-11-28 04:08:11.408 | info     |           Metal | [Timer] compile_and_cache_program: 784 us (timer.hpp:21)
2025-11-28 04:08:11.408 | info     |           Metal | [Timer] transpose: 64 us (timer.hpp:21)
2025-11-28 04:08:11.408 | info     |           Metal | [Timer] matmul: 209 us (timer.hpp:21)
2025-11-28 04:08:11.408 | info     |           Metal | [Timer] transpose: 57 us (timer.hpp:21)
2025-11-28 04:08:11.408 | info     |           Metal | [Timer] add: 73 us (timer.hpp:21)
2025-11-28 04:08:11.409 | info     |           Metal | [Timer] compile_and_cache_program: 711 us (timer.hpp:21)
2025-11-28 04:08:11.409 | info     |           Metal | [Timer] transpose: 66 us (timer.hpp:21)
2025-11-28 04:08:11.409 | info     |           Metal | [Timer] matmul: 211 us (timer.hpp:21)
2025-11-28 04:08:11.410 | info     |           Metal | [Timer] transpose: 60 us (timer.hpp:21)
2025-11-28 04:08:11.410 | info     |           Metal | [Timer] add: 72 us (timer.hpp:21)
2025-11-28 04:08:11.410 | info     |           Metal | [Timer] compile_and_cache_program: 715 us (timer.hpp:21)
2025-11-28 04:08:11.411 | info     |           Metal | [Timer] transpose: 66 us (timer.hpp:21)
2025-11-28 04:08:11.411 | info     |           Metal | [Timer] matmul: 211 us (timer.hpp:21)
2025-11-28 04:08:11.411 | info     |           Metal | [Timer] transpose: 53 us (timer.hpp:21)
2025-11-28 04:08:11.411 | info     |           Metal | [Timer] add: 72 us (timer.hpp:21)
2025-11-28 04:08:11.412 | info     |           Metal | [Timer] compile_and_cache_program: 732 us (timer.hpp:21)
2025-11-28 04:08:11.412 | info     |           Metal | [Timer] transpose: 66 us (timer.hpp:21)
2025-11-28 04:08:11.412 | info     |           Metal | [Timer] matmul: 214 us (timer.hpp:21)
2025-11-28 04:08:11.412 | info     |           Metal | [Timer] transpose: 56 us (timer.hpp:21)
2025-11-28 04:08:11.412 | info     |           Metal | [Timer] add: 73 us (timer.hpp:21)
2025-11-28 04:08:11.413 | info     |           Metal | [Timer] compile_and_cache_program: 710 us (timer.hpp:21)
2025-11-28 04:08:11.413 | info     |           Metal | [Timer] transpose: 71 us (timer.hpp:21)
2025-11-28 04:08:11.413 | info     |           Metal | [Timer] matmul: 214 us (timer.hpp:21)
2025-11-28 04:08:11.413 | info     |           Metal | [Timer] transpose: 53 us (timer.hpp:21)
2025-11-28 04:08:11.414 | info     |           Metal | [Timer] add: 72 us (timer.hpp:21)
2025-11-28 04:08:11.414 | info     |           Metal | [Timer] transpose: 54 us (timer.hpp:21)
2025-11-28 04:08:11.414 | info     |           Metal | [Timer] matmul: 210 us (timer.hpp:21)
2025-11-28 04:08:11.414 | info     |           Metal | [Timer] transpose: 53 us (timer.hpp:21)
2025-11-28 04:08:11.414 | info     |           Metal | [Timer] add: 70 us (timer.hpp:21)
2025-11-28 04:08:11.414 | info     |           Metal | [Timer] transpose: 53 us (timer.hpp:21)
2025-11-28 04:08:11.415 | info     |           Metal | [Timer] matmul: 208 us (timer.hpp:21)
2025-11-28 04:08:11.415 | info     |           Metal | [Timer] transpose: 52 us (timer.hpp:21)
2025-11-28 04:08:11.415 | info     |           Metal | [Timer] add: 70 us (timer.hpp:21)
2025-11-28 04:08:11.415 | info     |           Metal | [Timer] transpose: 54 us (timer.hpp:21)
2025-11-28 04:08:11.415 | info     |           Metal | [Timer] matmul: 207 us (timer.hpp:21)
2025-11-28 04:08:11.415 | info     |           Metal | [Timer] transpose: 51 us (timer.hpp:21)
2025-11-28 04:08:11.415 | info     |           Metal | [Timer] add: 71 us (timer.hpp:21)
2025-11-28 04:08:11.416 | info     |           Metal | [Timer] transpose: 52 us (timer.hpp:21)
2025-11-28 04:08:11.416 | info     |           Metal | [Timer] matmul: 208 us (timer.hpp:21)
2025-11-28 04:08:11.416 | info     |           Metal | [Timer] transpose: 53 us (timer.hpp:21)
2025-11-28 04:08:11.416 | info     |           Metal | [Timer] add: 69 us (timer.hpp:21)
2025-11-28 04:08:11.416 | info     |           Metal | [Timer] transpose: 55 us (timer.hpp:21)
2025-11-28 04:08:11.416 | info     |           Metal | [Timer] matmul: 209 us (timer.hpp:21)
2025-11-28 04:08:11.416 | info     |           Metal | [Timer] transpose: 53 us (timer.hpp:21)
2025-11-28 04:08:11.417 | info     |           Metal | [Timer] add: 69 us (timer.hpp:21)
2025-11-28 04:08:11.417 | info     |           Metal | [Timer] transpose: 54 us (timer.hpp:21)
2025-11-28 04:08:11.417 | info     |           Metal | [Timer] matmul: 207 us (timer.hpp:21)
2025-11-28 04:08:11.417 | info     |           Metal | [Timer] transpose: 52 us (timer.hpp:21)
2025-11-28 04:08:11.417 | info     |           Metal | [Timer] add: 69 us (timer.hpp:21)
2025-11-28 04:08:11.417 | info     |           Metal | [Timer] transpose: 53 us (timer.hpp:21)
2025-11-28 04:08:11.417 | info     |           Metal | [Timer] matmul: 208 us (timer.hpp:21)
2025-11-28 04:08:11.418 | info     |           Metal | [Timer] transpose: 53 us (timer.hpp:21)
2025-11-28 04:08:11.418 | info     |           Metal | [Timer] add: 68 us (timer.hpp:21)
2025-11-28 04:08:11.418 | info     |           Metal | [Timer] transpose: 53 us (timer.hpp:21)
2025-11-28 04:08:11.418 | info     |           Metal | [Timer] matmul: 208 us (timer.hpp:21)
2025-11-28 04:08:11.418 | info     |           Metal | [Timer] transpose: 52 us (timer.hpp:21)
2025-11-28 04:08:11.418 | info     |           Metal | [Timer] add: 68 us (timer.hpp:21)
2025-11-28 04:08:11.418 | info     |           Metal | [Timer] transpose: 54 us (timer.hpp:21)
2025-11-28 04:08:11.419 | info     |           Metal | [Timer] matmul: 208 us (timer.hpp:21)
2025-11-28 04:08:11.419 | info     |           Metal | [Timer] transpose: 53 us (timer.hpp:21)
2025-11-28 04:08:11.419 | info     |           Metal | [Timer] add: 69 us (timer.hpp:21)
2025-11-28 04:08:11.419 | info     |           Metal | [Timer] transpose: 59 us (timer.hpp:21)
2025-11-28 04:08:11.419 | info     |           Metal | [Timer] matmul: 209 us (timer.hpp:21)
2025-11-28 04:08:11.419 | info     |           Metal | [Timer] transpose: 56 us (timer.hpp:21)
2025-11-28 04:08:11.419 | info     |           Metal | [Timer] add: 70 us (timer.hpp:21)
2025-11-28 04:08:11.419 | info     |           Metal | [Timer] transpose: 53 us (timer.hpp:21)
2025-11-28 04:08:11.420 | info     |           Metal | [Timer] matmul: 206 us (timer.hpp:21)
2025-11-28 04:08:11.420 | info     |           Metal | [Timer] transpose: 58 us (timer.hpp:21)
2025-11-28 04:08:11.420 | info     |           Metal | [Timer] add: 71 us (timer.hpp:21)
2025-11-28 04:08:11.420 | info     |           Metal | [Timer] transpose: 70 us (timer.hpp:21)
2025-11-28 04:08:11.420 | info     |           Metal | [Timer] matmul: 208 us (timer.hpp:21)
2025-11-28 04:08:11.420 | info     |           Metal | [Timer] transpose: 52 us (timer.hpp:21)
2025-11-28 04:08:11.420 | info     |           Metal | [Timer] add: 71 us (timer.hpp:21)
2025-11-28 04:08:11.421 | info     |           Metal | [Timer] transpose: 54 us (timer.hpp:21)
2025-11-28 04:08:11.421 | info     |           Metal | [Timer] matmul: 212 us (timer.hpp:21)
2025-11-28 04:08:11.421 | info     |           Metal | [Timer] transpose: 54 us (timer.hpp:21)
2025-11-28 04:08:11.421 | info     |           Metal | [Timer] add: 69 us (timer.hpp:21)
2025-11-28 04:08:11.421 | info     |           Metal | [Timer] transpose: 54 us (timer.hpp:21)
2025-11-28 04:08:11.421 | info     |           Metal | [Timer] matmul: 207 us (timer.hpp:21)
2025-11-28 04:08:11.422 | info     |           Metal | [Timer] transpose: 52 us (timer.hpp:21)
2025-11-28 04:08:11.422 | info     |           Metal | [Timer] add: 69 us (timer.hpp:21)
2025-11-28 04:08:11.422 | info     |           Metal | [Timer] transpose: 55 us (timer.hpp:21)
2025-11-28 04:08:11.422 | info     |           Metal | [Timer] matmul: 206 us (timer.hpp:21)
2025-11-28 04:08:11.422 | info     |           Metal | [Timer] transpose: 53 us (timer.hpp:21)
2025-11-28 04:08:11.422 | info     |           Metal | [Timer] add: 70 us (timer.hpp:21)
2025-11-28 04:08:11.422 | info     |           Metal | [Timer] transpose: 52 us (timer.hpp:21)
2025-11-28 04:08:11.423 | info     |           Metal | [Timer] matmul: 206 us (timer.hpp:21)
2025-11-28 04:08:11.423 | info     |           Metal | [Timer] transpose: 51 us (timer.hpp:21)
2025-11-28 04:08:11.423 | info     |           Metal | [Timer] add: 70 us (timer.hpp:21)
2025-11-28 04:08:11.423 | info     |           Metal | [Timer] transpose: 54 us (timer.hpp:21)
2025-11-28 04:08:11.423 | info     |           Metal | [Timer] matmul: 208 us (timer.hpp:21)
2025-11-28 04:08:11.423 | info     |           Metal | [Timer] transpose: 54 us (timer.hpp:21)
2025-11-28 04:08:11.423 | info     |           Metal | [Timer] add: 69 us (timer.hpp:21)
2025-11-28 04:08:11.423 | info     |           Metal | [Timer] transpose: 53 us (timer.hpp:21)
2025-11-28 04:08:11.424 | info     |           Metal | [Timer] matmul: 208 us (timer.hpp:21)
2025-11-28 04:08:11.424 | info     |           Metal | [Timer] transpose: 52 us (timer.hpp:21)
2025-11-28 04:08:11.424 | info     |           Metal | [Timer] add: 69 us (timer.hpp:21)
2025-11-28 04:08:11.424 | info     |           Metal | [Timer] transpose: 53 us (timer.hpp:21)
2025-11-28 04:08:11.424 | info     |           Metal | [Timer] matmul: 206 us (timer.hpp:21)
2025-11-28 04:08:11.424 | info     |           Metal | [Timer] transpose: 52 us (timer.hpp:21)
2025-11-28 04:08:11.424 | info     |           Metal | [Timer] add: 69 us (timer.hpp:21)
2025-11-28 04:08:11.425 | info     |           Metal | [Timer] transpose: 53 us (timer.hpp:21)
2025-11-28 04:08:11.425 | info     |           Metal | [Timer] matmul: 208 us (timer.hpp:21)
2025-11-28 04:08:11.425 | info     |           Metal | [Timer] transpose: 51 us (timer.hpp:21)
2025-11-28 04:08:11.425 | info     |           Metal | [Timer] add: 68 us (timer.hpp:21)
2025-11-28 04:08:11.425 | info     |           Metal | [Timer] transpose: 54 us (timer.hpp:21)
2025-11-28 04:08:11.425 | info     |           Metal | [Timer] matmul: 206 us (timer.hpp:21)
2025-11-28 04:08:11.425 | info     |           Metal | [Timer] transpose: 51 us (timer.hpp:21)
2025-11-28 04:08:11.426 | info     |           Metal | [Timer] add: 68 us (timer.hpp:21)
2025-11-28 04:08:11.426 | info     |           Metal | [Timer] transpose: 52 us (timer.hpp:21)
2025-11-28 04:08:11.426 | info     |           Metal | [Timer] matmul: 206 us (timer.hpp:21)
2025-11-28 04:08:11.426 | info     |           Metal | [Timer] transpose: 51 us (timer.hpp:21)
2025-11-28 04:08:11.426 | info     |           Metal | [Timer] add: 68 us (timer.hpp:21)
2025-11-28 04:08:11.426 | info     |           Metal | [Timer] transpose: 58 us (timer.hpp:21)
2025-11-28 04:08:11.426 | info     |           Metal | [Timer] matmul: 206 us (timer.hpp:21)
2025-11-28 04:08:11.427 | info     |           Metal | [Timer] transpose: 51 us (timer.hpp:21)
2025-11-28 04:08:11.427 | info     |           Metal | [Timer] add: 67 us (timer.hpp:21)
2025-11-28 04:08:11.427 | info     |           Metal | [Timer] transpose: 54 us (timer.hpp:21)
2025-11-28 04:08:11.427 | info     |           Metal | [Timer] matmul: 207 us (timer.hpp:21)
2025-11-28 04:08:11.427 | info     |           Metal | [Timer] transpose: 52 us (timer.hpp:21)
2025-11-28 04:08:11.427 | info     |           Metal | [Timer] add: 69 us (timer.hpp:21)
2025-11-28 04:08:11.427 | info     |           Metal | [Timer] transpose: 57 us (timer.hpp:21)
2025-11-28 04:08:11.428 | info     |           Metal | [Timer] matmul: 207 us (timer.hpp:21)
2025-11-28 04:08:11.428 | info     |           Metal | [Timer] transpose: 52 us (timer.hpp:21)
2025-11-28 04:08:11.428 | info     |           Metal | [Timer] add: 69 us (timer.hpp:21)
2025-11-28 04:08:11.428 | info     |           Metal | [Timer] transpose: 52 us (timer.hpp:21)
2025-11-28 04:08:11.428 | info     |           Metal | [Timer] matmul: 209 us (timer.hpp:21)
2025-11-28 04:08:11.428 | info     |           Metal | [Timer] transpose: 57 us (timer.hpp:21)
2025-11-28 04:08:11.428 | info     |           Metal | [Timer] add: 68 us (timer.hpp:21)
2025-11-28 04:08:11.429 | info     |           Metal | [Timer] transpose: 54 us (timer.hpp:21)
2025-11-28 04:08:11.429 | info     |           Metal | [Timer] matmul: 207 us (timer.hpp:21)
2025-11-28 04:08:11.429 | info     |           Metal | [Timer] transpose: 62 us (timer.hpp:21)
2025-11-28 04:08:11.429 | info     |           Metal | [Timer] add: 68 us (timer.hpp:21)
2025-11-28 04:08:11.429 | info     |           Metal | [Timer] transpose: 53 us (timer.hpp:21)
2025-11-28 04:08:11.429 | info     |           Metal | [Timer] matmul: 214 us (timer.hpp:21)
2025-11-28 04:08:11.429 | info     |           Metal | [Timer] transpose: 52 us (timer.hpp:21)
2025-11-28 04:08:11.429 | info     |           Metal | [Timer] add: 69 us (timer.hpp:21)
2025-11-28 04:08:11.430 | info     |           Metal | [Timer] transpose: 54 us (timer.hpp:21)
2025-11-28 04:08:11.430 | info     |           Metal | [Timer] matmul: 208 us (timer.hpp:21)
2025-11-28 04:08:11.430 | info     |           Metal | [Timer] transpose: 51 us (timer.hpp:21)
2025-11-28 04:08:11.430 | info     |           Metal | [Timer] add: 68 us (timer.hpp:21)
2025-11-28 04:08:11.430 | info     |           Metal | [Timer] transpose: 52 us (timer.hpp:21)
2025-11-28 04:08:11.430 | info     |           Metal | [Timer] matmul: 206 us (timer.hpp:21)
2025-11-28 04:08:11.431 | info     |           Metal | [Timer] transpose: 52 us (timer.hpp:21)
2025-11-28 04:08:11.431 | info     |           Metal | [Timer] add: 67 us (timer.hpp:21)
2025-11-28 04:08:11.431 | info     |           Metal | [Timer] transpose: 52 us (timer.hpp:21)
2025-11-28 04:08:11.431 | info     |           Metal | [Timer] matmul: 204 us (timer.hpp:21)
2025-11-28 04:08:11.431 | info     |           Metal | [Timer] transpose: 52 us (timer.hpp:21)
2025-11-28 04:08:11.431 | info     |           Metal | [Timer] add: 68 us (timer.hpp:21)
2025-11-28 04:08:11.431 | info     |           Metal | [Timer] transpose: 53 us (timer.hpp:21)
2025-11-28 04:08:11.432 | info     |           Metal | [Timer] matmul: 209 us (timer.hpp:21)
2025-11-28 04:08:11.432 | info     |           Metal | [Timer] transpose: 51 us (timer.hpp:21)
2025-11-28 04:08:11.432 | info     |           Metal | [Timer] add: 68 us (timer.hpp:21)
2025-11-28 04:08:11.432 | info     |           Metal | [Timer] transpose: 53 us (timer.hpp:21)
2025-11-28 04:08:11.432 | info     |           Metal | [Timer] matmul: 209 us (timer.hpp:21)
2025-11-28 04:08:11.432 | info     |           Metal | [Timer] transpose: 53 us (timer.hpp:21)
2025-11-28 04:08:11.432 | info     |           Metal | [Timer] add: 69 us (timer.hpp:21)
2025-11-28 04:08:11.432 | info     |           Metal | [Timer] transpose: 53 us (timer.hpp:21)
2025-11-28 04:08:11.433 | info     |           Metal | [Timer] matmul: 206 us (timer.hpp:21)
2025-11-28 04:08:11.433 | info     |           Metal | [Timer] transpose: 52 us (timer.hpp:21)
2025-11-28 04:08:11.433 | info     |           Metal | [Timer] add: 74 us (timer.hpp:21)
2025-11-28 04:08:11.433 | info     |           Metal | [Timer] transpose: 53 us (timer.hpp:21)
2025-11-28 04:08:11.433 | info     |           Metal | [Timer] matmul: 207 us (timer.hpp:21)
2025-11-28 04:08:11.433 | info     |           Metal | [Timer] transpose: 51 us (timer.hpp:21)
2025-11-28 04:08:11.433 | info     |           Metal | [Timer] add: 67 us (timer.hpp:21)
2025-11-28 04:08:11.434 | info     |           Metal | [Timer] transpose: 52 us (timer.hpp:21)
2025-11-28 04:08:11.434 | info     |           Metal | [Timer] matmul: 212 us (timer.hpp:21)
2025-11-28 04:08:11.434 | info     |           Metal | [Timer] transpose: 52 us (timer.hpp:21)
2025-11-28 04:08:11.434 | info     |           Metal | [Timer] add: 69 us (timer.hpp:21)
2025-11-28 04:08:11.434 | info     |           Metal | [Timer] transpose: 52 us (timer.hpp:21)
2025-11-28 04:08:11.434 | info     |           Metal | [Timer] matmul: 209 us (timer.hpp:21)
2025-11-28 04:08:11.434 | info     |           Metal | [Timer] transpose: 50 us (timer.hpp:21)
2025-11-28 04:08:11.435 | info     |           Metal | [Timer] add: 70 us (timer.hpp:21)
2025-11-28 04:08:11.435 | info     |           Metal | [Timer] transpose: 52 us (timer.hpp:21)
2025-11-28 04:08:11.435 | info     |           Metal | [Timer] matmul: 207 us (timer.hpp:21)
2025-11-28 04:08:11.435 | info     |           Metal | [Timer] transpose: 52 us (timer.hpp:21)
2025-11-28 04:08:11.435 | info     |           Metal | [Timer] add: 68 us (timer.hpp:21)
2025-11-28 04:08:11.435 | info     |           Metal | [Timer] transpose: 52 us (timer.hpp:21)
2025-11-28 04:08:11.435 | info     |           Metal | [Timer] matmul: 208 us (timer.hpp:21)
2025-11-28 04:08:11.436 | info     |           Metal | [Timer] transpose: 51 us (timer.hpp:21)
2025-11-28 04:08:11.436 | info     |           Metal | [Timer] add: 77 us (timer.hpp:21)
2025-11-28 04:08:11.436 | info     |           Metal | [Timer] transpose: 52 us (timer.hpp:21)
2025-11-28 04:08:11.436 | info     |           Metal | [Timer] matmul: 223 us (timer.hpp:21)
2025-11-28 04:08:11.436 | info     |           Metal | [Timer] transpose: 54 us (timer.hpp:21)
2025-11-28 04:08:11.436 | info     |           Metal | [Timer] add: 69 us (timer.hpp:21)
2025-11-28 04:08:11.436 | info     |           Metal | [Timer] transpose: 54 us (timer.hpp:21)
2025-11-28 04:08:11.437 | info     |           Metal | [Timer] matmul: 209 us (timer.hpp:21)
2025-11-28 04:08:11.437 | info     |           Metal | [Timer] transpose: 53 us (timer.hpp:21)
2025-11-28 04:08:11.437 | info     |           Metal | [Timer] add: 70 us (timer.hpp:21)
2025-11-28 04:08:11.437 | info     |           Metal | [Timer] transpose: 53 us (timer.hpp:21)
2025-11-28 04:08:11.437 | info     |           Metal | [Timer] matmul: 207 us (timer.hpp:21)
2025-11-28 04:08:11.437 | info     |           Metal | [Timer] transpose: 52 us (timer.hpp:21)
2025-11-28 04:08:11.437 | info     |           Metal | [Timer] add: 68 us (timer.hpp:21)
2025-11-28 04:08:11.438 | info     |           Metal | [Timer] transpose: 52 us (timer.hpp:21)
2025-11-28 04:08:11.438 | info     |           Metal | [Timer] matmul: 206 us (timer.hpp:21)
2025-11-28 04:08:11.438 | info     |           Metal | [Timer] transpose: 53 us (timer.hpp:21)
2025-11-28 04:08:11.438 | info     |           Metal | [Timer] add: 68 us (timer.hpp:21)
2025-11-28 04:08:11.438 | info     |           Metal | [Timer] transpose: 52 us (timer.hpp:21)
2025-11-28 04:08:11.438 | info     |           Metal | [Timer] matmul: 209 us (timer.hpp:21)
2025-11-28 04:08:11.438 | info     |           Metal | [Timer] transpose: 51 us (timer.hpp:21)
2025-11-28 04:08:11.438 | info     |           Metal | [Timer] add: 68 us (timer.hpp:21)
2025-11-28 04:08:11.439 | info     |           Metal | [Timer] transpose: 53 us (timer.hpp:21)
2025-11-28 04:08:11.439 | info     |           Metal | [Timer] matmul: 207 us (timer.hpp:21)
2025-11-28 04:08:11.439 | info     |           Metal | [Timer] transpose: 52 us (timer.hpp:21)
2025-11-28 04:08:11.439 | info     |           Metal | [Timer] add: 68 us (timer.hpp:21)
2025-11-28 04:08:11.439 | info     |           Metal | [Timer] transpose: 58 us (timer.hpp:21)
2025-11-28 04:08:11.439 | info     |           Metal | [Timer] matmul: 207 us (timer.hpp:21)
2025-11-28 04:08:11.440 | info     |           Metal | [Timer] transpose: 52 us (timer.hpp:21)
2025-11-28 04:08:11.440 | info     |           Metal | [Timer] add: 68 us (timer.hpp:21)
2025-11-28 04:08:11.440 | info     |           Metal | [Timer] transpose: 54 us (timer.hpp:21)
2025-11-28 04:08:11.440 | info     |           Metal | [Timer] matmul: 206 us (timer.hpp:21)
2025-11-28 04:08:11.440 | info     |           Metal | [Timer] transpose: 60 us (timer.hpp:21)
2025-11-28 04:08:11.440 | info     |           Metal | [Timer] add: 69 us (timer.hpp:21)
2025-11-28 04:08:11.440 | info     |           Metal | [Timer] transpose: 53 us (timer.hpp:21)
2025-11-28 04:08:11.441 | info     |           Metal | [Timer] matmul: 206 us (timer.hpp:21)
2025-11-28 04:08:11.441 | info     |           Metal | [Timer] transpose: 51 us (timer.hpp:21)
2025-11-28 04:08:11.441 | info     |           Metal | [Timer] add: 68 us (timer.hpp:21)
[DEBUG] make_tt_weight_and_bias: weight_load_time=3.812 ms
[DEBUG] make_tt_weight_and_bias: weight_load_time=3.895 ms
[PROFILE] Warmup forward 0 (kernel already compiled)
[PROFILE] Warmup forward 1
[PROFILE] Measurement forward 0
[DEBUG] Single Batch - Total: 0.830ms, Transpose: 0.134ms, Pure Matmul: 0.599ms
[PROFILE] Measurement forward 1
[DEBUG] Single Batch - Total: 0.481ms, Transpose: 0.138ms, Pure Matmul: 0.238ms
[PROFILE] Measurement forward 2
[DEBUG] Single Batch - Total: 0.467ms, Transpose: 0.129ms, Pure Matmul: 0.242ms
[PROFILE] Measurement forward 3
[DEBUG] Single Batch - Total: 0.459ms, Transpose: 0.127ms, Pure Matmul: 0.236ms
[PROFILE] Measurement forward 4
[DEBUG] Single Batch - Total: 0.535ms, Transpose: 0.174ms, Pure Matmul: 0.239ms
[DEBUG] make_tt_weight_and_bias: weight_load_time=3.921 ms
[DEBUG] make_tt_weight_and_bias: weight_load_time=3.96 ms
[DEBUG] Minibatch Seq - Total: 7.962ms, Transpose: 3.453ms, Pure Matmul: 3.787ms
[DEBUG] Minibatch Seq - Total: 11.028ms, Transpose: 4.300ms, Pure Matmul: 5.452ms
[DEBUG] Minibatch Seq - Total: 3.101ms, Transpose: 0.880ms, Pure Matmul: 1.662ms
[DEBUG] Minibatch Seq - Total: 3.047ms, Transpose: 0.845ms, Pure Matmul: 1.655ms
[DEBUG] Minibatch Seq - Total: 3.065ms, Transpose: 0.856ms, Pure Matmul: 1.664ms
[DEBUG] Minibatch Seq - Total: 3.078ms, Transpose: 0.834ms, Pure Matmul: 1.681ms
[DEBUG] Minibatch Seq - Total: 3.057ms, Transpose: 0.853ms, Pure Matmul: 1.657ms

===== TTNN Linear Benchmark (single device) =====
Comparison         : Large batch (single load) vs Minibatches (same weights; DRAM→L1 re-stream)
DType              : bfloat16
Dims               : in=4096, out=4096
Large batch        : B=256
Small batch        : b=32 x 8 (total=256)
Warmup/Measure     : 2/5 iters per case
Weight Sharding    : Disabled (DRAM)

-- Single pass: LARGE batch --
Total avg (ms)     : 1.333
  Weight load (from host DRAM to device GDDR6 DRAM) (ms) : 3.895
  Forward (ms)     : 0.554

  Fine-grained phase breakdown (average per iteration):
    Weight load (Host DRAM -> GDDR6) (ms)      : 3.895
    Forward compute (ms)                     : 0.554
    Pure Matmul (ms)                         : 0.311

-- Repeated passes: SMALL minibatch (same weights on device) --
Sequence total (ms) for 8 passes : 1.655
  Weight load sum (from host DRAM to device GDDR6 DRAM) (ms)                           : -0.001
  Forward sum (ms)                               : 1.657

  Fine-grained phase breakdown (average per sequence):
    Weight load (Host DRAM -> GDDR6) (ms)      : -0.001
    Forward compute (ms)                     : 1.657
    Pure Matmul (ms)                         : 1.657

-- Overhead vs single large batch (Pure Matmul) --
Estimated overhead (ms): 1.346
Overhead percentage     : 433.14%

Results saved to: /home/masterjunmo/codes/tt-metal/research_codes/benchmark_results.csv
2025-11-28 04:08:11.930 | info     |          Device | Closing user mode device drivers (tt_cluster.cpp:425)
