Parsing generated/profiler/.logs/profile_log_device.csv...
Detected Frequency: 1350.0 MHz
Processed 4852492 lines

----------------------------------------------------------------------------------------------------------------------------------
ANALYSIS REPORT (Freq: 1350.0 MHz) - Grouped by Source File
Max Time = Latency of the slowest core (Bottleneck Analysis)
----------------------------------------------------------------------------------------------------------------------------------

[BRISC]
Category                  Zone Name                                     Source File                         Count    Avg/Iter   Max/Iter   Max(ms)
-----------------------------------------------------------------------------------------------------------------------------------------------------------
FIRMWARE                  BRISC-FW                                      brisc.cc                            254      0.0356     0.1948     9.0484
KERNEL_OTHER              BRISC-KERNEL                                  brisck.cc                           254      0.0348     0.1931     8.8344
NOC_WAIT_MATMUL           NOC-MCAST-WAIT-PADDING                        reader_bmm_tile_layout_in1_receiver_writer_padding.cpp 3264     0.0023     0.0064     7.5609
NOC_WAIT_MATMUL           NOC-BARRIER-WAIT-IN1-PADDING                  reader_bmm_tile_layout_in1_sender_writer_padding.cpp 1176     0.0007     0.0009     0.8092
SUBZONE_MATMUL            WEIGHT-STREAM-MCAST                           reader_bmm_tile_layout_in1_sender_writer_padding.cpp 1148     0.0014     0.0057     1.5972
WEIGHT_STREAM_MATMUL      READ-WEIGHT-DRAM-TO-SRAM-IN1-PADDING          reader_bmm_tile_layout_in1_sender_writer_padding.cpp 1176     0.0003     0.0007     0.3188

[NCRISC]
Category                  Zone Name                                     Source File                         Count    Avg/Iter   Max/Iter   Max(ms)
-----------------------------------------------------------------------------------------------------------------------------------------------------------
ACT_STREAM_MATMUL         READ-IN0-DRAM-TO-SRAM-PADDING                 reader_bmm_tile_layout_in0_sender_padding.cpp 1764     0.0001     0.0001     0.1755
FIRMWARE                  NCRISC-FW                                     ncrisc.cc                           254      0.0199     0.1752     5.0455
KERNEL_OTHER              NCRISC-KERNEL                                 ncrisck.cc                          254      0.0194     0.1738     4.9319
NOC_WAIT_MATMUL           NOC-BARRIER-WAIT-IN0-PADDING                  reader_bmm_tile_layout_in0_sender_padding.cpp 1736     0.0023     0.0087     3.9833

[TRISC_0]
Category                  Zone Name                                     Source File                         Count    Avg/Iter   Max/Iter   Max(ms)
-----------------------------------------------------------------------------------------------------------------------------------------------------------
DATA_WAIT_MATMUL          CB-WAIT-FRONT                                 bmm_large_block_zm_fused_bias_activation.cpp 1736     0.0021     0.0087     3.5618
FIRMWARE                  TRISC-FW                                      trisc.cc                            198      0.0253     0.1758     5.0157
KERNEL_OTHER              TRISC-KERNEL                                  trisck.cc                           198      0.0249     0.1741     4.9213
SUBZONE_MATMUL            BATCH-ITERATION                               bmm_large_block_zm_fused_bias_activation.cpp 28       0.1591     0.1739     4.4548
SUBZONE_MATMUL            CB-POP-FRONT                                  bmm_large_block_zm_fused_bias_activation.cpp 1736     0.0001     0.0001     0.0871

[TRISC_1]
Category                  Zone Name                                     Source File                         Count    Avg/Iter   Max/Iter   Max(ms)
-----------------------------------------------------------------------------------------------------------------------------------------------------------
DATA_WAIT_MATMUL          CB-WAIT-FRONT                                 bmm_large_block_zm_fused_bias_activation.cpp 1736     0.0000     0.0000     0.0306
FIRMWARE                  TRISC-FW                                      trisc.cc                            198      0.0253     0.1758     5.0119
KERNEL_OTHER              TRISC-KERNEL                                  trisck.cc                           198      0.0244     0.1742     4.8328
SUBZONE_MATMUL            BATCH-ITERATION                               bmm_large_block_zm_fused_bias_activation.cpp 28       0.1591     0.1741     4.4551
SUBZONE_MATMUL            CB-POP-FRONT                                  bmm_large_block_zm_fused_bias_activation.cpp 1736     0.0000     0.0000     0.0310

[TRISC_2]
Category                  Zone Name                                     Source File                         Count    Avg/Iter   Max/Iter   Max(ms)
-----------------------------------------------------------------------------------------------------------------------------------------------------------
DATA_WAIT_MATMUL          CB-WAIT-FRONT                                 bmm_large_block_zm_fused_bias_activation.cpp 1736     0.0000     0.0000     0.0259
FIRMWARE                  TRISC-FW                                      trisc.cc                            198      0.0254     0.1761     5.0315
KERNEL_OTHER              TRISC-KERNEL                                  trisck.cc                           198      0.0248     0.1747     4.9023
SUBZONE_MATMUL            BATCH-ITERATION                               bmm_large_block_zm_fused_bias_activation.cpp 28       0.1593     0.1745     4.4608
SUBZONE_MATMUL            CB-POP-FRONT                                  bmm_large_block_zm_fused_bias_activation.cpp 1736     0.0000     0.0000     0.0293

----------------------------------------------------------------------------------------------------------------------------------
COMPONENT BREAKDOWN (Trace Analysis)
Note: Producer (BRISC) and Consumer (TRISC) run in parallel.
      Metrics are max latency across all cores.
----------------------------------------------------------------------------------------------------------------------------------
Total Forward Latency       : 4.4608 ms
--------------------------------------------------
[CONSUMER / TRISC]
  > Pure Compute            : 0.8990 ms
  > Data Wait Stall         : 3.5618 ms (Total Wait for Data)
--------------------------------------------------
[PRODUCER / BRISC] (IN1 - Activations)
  > DRAM Read Issue         : 0.3188 ms (Active DRAM BW)
    NOTE: Activations are always loaded from GDDR6 DRAM (never pre-sharded).
          Zone name 'READ-WEIGHT...' is misleading - this measures activation loading.
  > DRAM Read Latency       : 0.8092 ms (Wait for Return)
  > NoC Multicast (Stream)  : 1.5972 ms (Active NoC BW)
--------------------------------------------------
[PRODUCER / NCRISC] (IN0 - Weights)
  > DRAM Read Issue         : 0.1755 ms (Active DRAM BW)
  > DRAM Read Latency       : 3.9833 ms (Wait for Return)
--------------------------------------------------
