Parsing generated/profiler/.logs/profile_log_device.csv...
Detected Frequency: 1350.0 MHz
Processed 3258053 lines

----------------------------------------------------------------------------------------------------------------------------------
ITERATION ANALYSIS (Freq: 1350.0 MHz) - Grouped by Iteration ID
Metrics are averaged across iterations in each group.
Bottleneck analysis: Max duration across all cores.
----------------------------------------------------------------------------------------------------------------------------------

>>> Group: LARGE_BATCH (IDs < 100) (Count: 1, IDs: [1])
RISC            | ZONE                                          | AVG TIME (ms)   | MAX TIME (ms)
----------------------------------------------------------------------------------------------------
BRISC           | BRISC-FW                                      | 0.2211          | 0.2211
BRISC           | BRISC-KERNEL                                  | 0.2172          | 0.2172
TRISC_2         | TRISC-FW                                      | 0.2049          | 0.2049
TRISC_0         | TRISC-FW                                      | 0.2045          | 0.2045
TRISC_1         | TRISC-FW                                      | 0.2044          | 0.2044
NCRISC          | NCRISC-FW                                     | 0.2035          | 0.2035
TRISC_2         | TRISC-KERNEL                                  | 0.2019          | 0.2019
TRISC_0         | TRISC-KERNEL                                  | 0.2013          | 0.2013
NCRISC          | NCRISC-KERNEL                                 | 0.2004          | 0.2004
TRISC_1         | TRISC-KERNEL                                  | 0.1977          | 0.1977
TRISC_2         | BATCH-ITERATION                               | 0.1696          | 0.1696
TRISC_1         | BATCH-ITERATION                               | 0.1691          | 0.1691
TRISC_0         | BATCH-ITERATION                               | 0.1690          | 0.1690
NCRISC          | NOC-BARRIER-WAIT-IN0-PADDING                  | 0.1527          | 0.1527
TRISC_0         | CB-WAIT-FRONT                                 | 0.1135          | 0.1135
BRISC           | IN1-STREAM-MCAST                              | 0.0448          | 0.0448
BRISC           | NOC-BARRIER-WAIT-IN1-PADDING                  | 0.0322          | 0.0322
BRISC           | READ-IN1-DRAM-TO-SRAM-PADDING                 | 0.0268          | 0.0268
NCRISC          | READ-IN0-DRAM-TO-SRAM-PADDING                 | 0.0061          | 0.0061
TRISC_0         | CB-POP-FRONT                                  | 0.0032          | 0.0032
TRISC_2         | CB-WAIT-FRONT                                 | 0.0010          | 0.0010
TRISC_2         | CB-POP-FRONT                                  | 0.0010          | 0.0010
TRISC_1         | CB-POP-FRONT                                  | 0.0009          | 0.0009
TRISC_1         | CB-WAIT-FRONT                                 | 0.0009          | 0.0009

>>> Group: MINIBATCH (IDs >= 100) (Count: 8, IDs: [100, 101, 102, 103, 104, 105, 106, 107])
RISC            | ZONE                                          | AVG TIME (ms)   | MAX TIME (ms)
----------------------------------------------------------------------------------------------------
TRISC_2         | TRISC-FW                                      | 0.1840          | 0.3722
NCRISC          | NCRISC-FW                                     | 0.1839          | 0.3643
TRISC_0         | TRISC-FW                                      | 0.1838          | 0.3705
TRISC_1         | TRISC-FW                                      | 0.1836          | 0.3704
TRISC_0         | TRISC-KERNEL                                  | 0.1807          | 0.3647
NCRISC          | NCRISC-KERNEL                                 | 0.1802          | 0.3595
TRISC_2         | TRISC-KERNEL                                  | 0.1800          | 0.3671
TRISC_1         | TRISC-KERNEL                                  | 0.1789          | 0.3605
TRISC_2         | BATCH-ITERATION                               | 0.1724          | 0.3219
TRISC_0         | BATCH-ITERATION                               | 0.1723          | 0.3212
TRISC_1         | BATCH-ITERATION                               | 0.1723          | 0.3213
BRISC           | BRISC-FW                                      | 0.1585          | 0.1618
BRISC           | BRISC-KERNEL                                  | 0.1541          | 0.1572
NCRISC          | NOC-BARRIER-WAIT-IN0-PADDING                  | 0.1541          | 0.2891
TRISC_0         | CB-WAIT-FRONT                                 | 0.1438          | 0.2446
BRISC           | IN1-STREAM-MCAST                              | 0.0612          | 0.0628
BRISC           | NOC-BARRIER-WAIT-IN1-PADDING                  | 0.0251          | 0.0256
NCRISC          | READ-IN0-DRAM-TO-SRAM-PADDING                 | 0.0070          | 0.0122
BRISC           | READ-IN1-DRAM-TO-SRAM-PADDING                 | 0.0052          | 0.0052
TRISC_0         | CB-POP-FRONT                                  | 0.0034          | 0.0062
TRISC_1         | CB-WAIT-FRONT                                 | 0.0013          | 0.0020
TRISC_1         | CB-POP-FRONT                                  | 0.0013          | 0.0020
TRISC_2         | CB-POP-FRONT                                  | 0.0012          | 0.0020
TRISC_2         | CB-WAIT-FRONT                                 | 0.0011          | 0.0019

>>> Group: IGNORED/WARMUP (Count: 3, IDs: [0, 1053146953, 3199450955])
RISC            | ZONE                                          | AVG TIME (ms)   | MAX TIME (ms)
----------------------------------------------------------------------------------------------------
BRISC           | BRISC-FW                                      | 1.3514          | 3.6637
BRISC           | BRISC-KERNEL                                  | 1.3191          | 3.5747
BRISC           | NOC-MCAST-WAIT-PADDING                        | 1.0226          | 3.0679
TRISC_2         | TRISC-FW                                      | 0.6705          | 1.6350
NCRISC          | NCRISC-FW                                     | 0.6703          | 1.6381
TRISC_0         | TRISC-FW                                      | 0.6687          | 1.6314
TRISC_1         | TRISC-FW                                      | 0.6681          | 1.6299
TRISC_0         | TRISC-KERNEL                                  | 0.6567          | 1.6019
NCRISC          | NCRISC-KERNEL                                 | 0.6566          | 1.6031
TRISC_2         | TRISC-KERNEL                                  | 0.6557          | 1.5971
TRISC_1         | TRISC-KERNEL                                  | 0.6495          | 1.5844
TRISC_2         | BATCH-ITERATION                               | 0.6181          | 1.5295
TRISC_0         | BATCH-ITERATION                               | 0.6175          | 1.5282
TRISC_1         | BATCH-ITERATION                               | 0.6175          | 1.5281
NCRISC          | NOC-BARRIER-WAIT-IN0-PADDING                  | 0.5518          | 1.3640
TRISC_0         | CB-WAIT-FRONT                                 | 0.5077          | 1.2763
BRISC           | IN1-STREAM-MCAST                              | 0.2346          | 0.5966
BRISC           | NOC-BARRIER-WAIT-IN1-PADDING                  | 0.1049          | 0.2575
BRISC           | READ-IN1-DRAM-TO-SRAM-PADDING                 | 0.0351          | 0.0733
NCRISC          | READ-IN0-DRAM-TO-SRAM-PADDING                 | 0.0248          | 0.0620
TRISC_0         | CB-POP-FRONT                                  | 0.0122          | 0.0304
TRISC_1         | CB-WAIT-FRONT                                 | 0.0046          | 0.0116
TRISC_1         | CB-POP-FRONT                                  | 0.0044          | 0.0111
TRISC_2         | CB-POP-FRONT                                  | 0.0042          | 0.0105
TRISC_2         | CB-WAIT-FRONT                                 | 0.0037          | 0.0092
