Parsing research_codes/profile_log_device_without_sharding.csv...
Detected Frequency: 1350.0 MHz
Processed 4852492 lines

----------------------------------------------------------------------------------------------------------------------------------
ANALYSIS REPORT (Freq: 1350.0 MHz) - Grouped by Source File
Max Time = Latency of the slowest core (Bottleneck Analysis)
----------------------------------------------------------------------------------------------------------------------------------

[BRISC]
Category                  Zone Name                                     Source File                         Count    Avg/Iter   Max/Iter   Max(ms)
-----------------------------------------------------------------------------------------------------------------------------------------------------------
FIRMWARE                  BRISC-FW                                      brisc.cc                            254      0.0356     0.1957     9.0433
KERNEL_OTHER              BRISC-KERNEL                                  brisck.cc                           254      0.0347     0.1937     8.8256
NOC_WAIT_MATMUL           NOC-MCAST-WAIT-PADDING                        reader_bmm_tile_layout_in1_receiver_writer_padding.cpp 3264     0.0023     0.0064     7.5621
NOC_WAIT_MATMUL           NOC-BARRIER-WAIT-IN1-PADDING                  reader_bmm_tile_layout_in1_sender_writer_padding.cpp 1176     0.0007     0.0009     0.8051
SUBZONE_MATMUL            IN1-STREAM-MCAST                              reader_bmm_tile_layout_in1_sender_writer_padding.cpp 1148     0.0014     0.0058     1.6070
SUBZONE_MATMUL            READ-IN1-DRAM-TO-SRAM-PADDING                 reader_bmm_tile_layout_in1_sender_writer_padding.cpp 1176     0.0003     0.0007     0.3190

[NCRISC]
Category                  Zone Name                                     Source File                         Count    Avg/Iter   Max/Iter   Max(ms)
-----------------------------------------------------------------------------------------------------------------------------------------------------------
ACT_STREAM_MATMUL         READ-IN0-DRAM-TO-SRAM-PADDING                 reader_bmm_tile_layout_in0_sender_padding.cpp 1764     0.0001     0.0001     0.1754
FIRMWARE                  NCRISC-FW                                     ncrisc.cc                           254      0.0199     0.1759     5.0469
KERNEL_OTHER              NCRISC-KERNEL                                 ncrisck.cc                          254      0.0194     0.1745     4.9335
NOC_WAIT_MATMUL           NOC-BARRIER-WAIT-IN0-PADDING                  reader_bmm_tile_layout_in0_sender_padding.cpp 1736     0.0023     0.0088     3.9828

[TRISC_0]
Category                  Zone Name                                     Source File                         Count    Avg/Iter   Max/Iter   Max(ms)
-----------------------------------------------------------------------------------------------------------------------------------------------------------
DATA_WAIT_MATMUL          CB-WAIT-FRONT                                 bmm_large_block_zm_fused_bias_activation.cpp 1736     0.0021     0.0088     3.5607
FIRMWARE                  TRISC-FW                                      trisc.cc                            198      0.0253     0.1765     5.0172
KERNEL_OTHER              TRISC-KERNEL                                  trisck.cc                           198      0.0249     0.1748     4.9219
SUBZONE_MATMUL            BATCH-ITERATION                               bmm_large_block_zm_fused_bias_activation.cpp 28       0.1590     0.1746     4.4519
SUBZONE_MATMUL            CB-POP-FRONT                                  bmm_large_block_zm_fused_bias_activation.cpp 1736     0.0001     0.0001     0.0872

[TRISC_1]
Category                  Zone Name                                     Source File                         Count    Avg/Iter   Max/Iter   Max(ms)
-----------------------------------------------------------------------------------------------------------------------------------------------------------
DATA_WAIT_MATMUL          CB-WAIT-FRONT                                 bmm_large_block_zm_fused_bias_activation.cpp 1736     0.0000     0.0000     0.0307
FIRMWARE                  TRISC-FW                                      trisc.cc                            198      0.0253     0.1765     5.0133
KERNEL_OTHER              TRISC-KERNEL                                  trisck.cc                           198      0.0244     0.1749     4.8296
SUBZONE_MATMUL            BATCH-ITERATION                               bmm_large_block_zm_fused_bias_activation.cpp 28       0.1590     0.1748     4.4523
SUBZONE_MATMUL            CB-POP-FRONT                                  bmm_large_block_zm_fused_bias_activation.cpp 1736     0.0000     0.0000     0.0307

[TRISC_2]
Category                  Zone Name                                     Source File                         Count    Avg/Iter   Max/Iter   Max(ms)
-----------------------------------------------------------------------------------------------------------------------------------------------------------
DATA_WAIT_MATMUL          CB-WAIT-FRONT                                 bmm_large_block_zm_fused_bias_activation.cpp 1736     0.0000     0.0000     0.0259
FIRMWARE                  TRISC-FW                                      trisc.cc                            198      0.0254     0.1768     5.0298
KERNEL_OTHER              TRISC-KERNEL                                  trisck.cc                           198      0.0248     0.1754     4.9024
SUBZONE_MATMUL            BATCH-ITERATION                               bmm_large_block_zm_fused_bias_activation.cpp 28       0.1592     0.1752     4.4580
SUBZONE_MATMUL            CB-POP-FRONT                                  bmm_large_block_zm_fused_bias_activation.cpp 1736     0.0000     0.0000     0.0291

----------------------------------------------------------------------------------------------------------------------------------
COMPONENT BREAKDOWN (Trace Analysis)
Note: Producer (BRISC) and Consumer (TRISC) run in parallel.
      Metrics are max latency across all cores.
----------------------------------------------------------------------------------------------------------------------------------
Total Forward Latency       : 4.4580 ms
--------------------------------------------------
[CONSUMER / TRISC]
  > Pure Compute            : 0.8973 ms
  > Data Wait Stall         : 3.5607 ms (Total Wait for Data)
--------------------------------------------------
[PRODUCER / BRISC] (IN1 - Activations)
  > DRAM Read Issue         : 0.3190 ms (Active DRAM BW)
    NOTE: Activations are always loaded from GDDR6 DRAM (never pre-sharded).
          Zone name 'READ-WEIGHT...' is misleading - this measures activation loading.
  > DRAM Read Latency       : 0.8051 ms (Wait for Return)
  > NoC Multicast (Stream)  : 0.0000 ms (Active NoC BW)
--------------------------------------------------
[PRODUCER / NCRISC] (IN0 - Weights)
  > DRAM Read Issue         : 0.1754 ms (Active DRAM BW)
  > DRAM Read Latency       : 3.9828 ms (Wait for Return)
--------------------------------------------------
