Parsing generated/profiler/.logs/profile_log_device.csv...
Detected Frequency: 1350.0 MHz
Processed 4852492 lines

----------------------------------------------------------------------------------------------------------------------------------
ANALYSIS REPORT (Freq: 1350.0 MHz) - Grouped by Source File
Max Time = Latency of the slowest core (Bottleneck Analysis)
----------------------------------------------------------------------------------------------------------------------------------

[BRISC]
Category                  Zone Name                                     Source File                         Max(ms)    Avg(ms)
----------------------------------------------------------------------------------------------------------------------------------
FIRMWARE                  BRISC-FW                                      brisc.cc                            9.0484     8.6151
KERNEL_OTHER              BRISC-KERNEL                                  brisck.cc                           8.8344     8.4225
NOC_WAIT_MATMUL           NOC-MCAST-WAIT-PADDING                        reader_bmm_tile_layout_in1_receiver_writer_padding.cpp 7.5609     6.9210
NOC_WAIT_MATMUL           NOC-BARRIER-WAIT-IN1-PADDING                  reader_bmm_tile_layout_in1_sender_writer_padding.cpp 0.8092     0.8092
SUBZONE_MATMUL            WEIGHT-STREAM-MCAST                           reader_bmm_tile_layout_in1_sender_writer_padding.cpp 1.5972     1.5972
WEIGHT_STREAM_MATMUL      READ-WEIGHT-DRAM-TO-SRAM-IN1-PADDING          reader_bmm_tile_layout_in1_sender_writer_padding.cpp 0.3188     0.3188

[NCRISC]
Category                  Zone Name                                     Source File                         Max(ms)    Avg(ms)
----------------------------------------------------------------------------------------------------------------------------------
ACT_STREAM_MATMUL         READ-IN0-DRAM-TO-SRAM-PADDING                 reader_bmm_tile_layout_in0_sender_padding.cpp 0.1755     0.1717
FIRMWARE                  NCRISC-FW                                     ncrisc.cc                           5.0455     4.7927
KERNEL_OTHER              NCRISC-KERNEL                                 ncrisck.cc                          4.9319     4.6986
NOC_WAIT_MATMUL           NOC-BARRIER-WAIT-IN0-PADDING                  reader_bmm_tile_layout_in0_sender_padding.cpp 3.9833     3.5004

[TRISC_0]
Category                  Zone Name                                     Source File                         Max(ms)    Avg(ms)
----------------------------------------------------------------------------------------------------------------------------------
DATA_WAIT_MATMUL          CB-WAIT-FRONT                                 bmm_large_block_zm_fused_bias_activation.cpp 3.5618     3.5076
FIRMWARE                  TRISC-FW                                      trisc.cc                            5.0157     4.8069
KERNEL_OTHER              TRISC-KERNEL                                  trisck.cc                           4.9213     4.7175
SUBZONE_MATMUL            BATCH-ITERATION                               bmm_large_block_zm_fused_bias_activation.cpp 4.4548     4.3843
SUBZONE_MATMUL            CB-POP-FRONT                                  bmm_large_block_zm_fused_bias_activation.cpp 0.0871     0.0862

[TRISC_1]
Category                  Zone Name                                     Source File                         Max(ms)    Avg(ms)
----------------------------------------------------------------------------------------------------------------------------------
DATA_WAIT_MATMUL          CB-WAIT-FRONT                                 bmm_large_block_zm_fused_bias_activation.cpp 0.0306     0.0268
FIRMWARE                  TRISC-FW                                      trisc.cc                            5.0119     4.8028
KERNEL_OTHER              TRISC-KERNEL                                  trisck.cc                           4.8328     4.6286
SUBZONE_MATMUL            BATCH-ITERATION                               bmm_large_block_zm_fused_bias_activation.cpp 4.4551     4.3848
SUBZONE_MATMUL            CB-POP-FRONT                                  bmm_large_block_zm_fused_bias_activation.cpp 0.0310     0.0272

[TRISC_2]
Category                  Zone Name                                     Source File                         Max(ms)    Avg(ms)
----------------------------------------------------------------------------------------------------------------------------------
DATA_WAIT_MATMUL          CB-WAIT-FRONT                                 bmm_large_block_zm_fused_bias_activation.cpp 0.0259     0.0256
FIRMWARE                  TRISC-FW                                      trisc.cc                            5.0315     4.8227
KERNEL_OTHER              TRISC-KERNEL                                  trisck.cc                           4.9023     4.7072
SUBZONE_MATMUL            BATCH-ITERATION                               bmm_large_block_zm_fused_bias_activation.cpp 4.4608     4.3902
SUBZONE_MATMUL            CB-POP-FRONT                                  bmm_large_block_zm_fused_bias_activation.cpp 0.0293     0.0273

----------------------------------------------------------------------------------------------------------------------------------
COMPONENT BREAKDOWN (Trace Analysis)
Note: Producer (BRISC) and Consumer (TRISC) run in parallel.
      Metrics are max latency across all cores.
----------------------------------------------------------------------------------------------------------------------------------
Total Forward Latency       : 4.4608 ms
--------------------------------------------------
[CONSUMER / TRISC]
  > Pure Compute            : 0.8990 ms
  > Data Wait Stall         : 3.5618 ms (Total Wait for Data)
--------------------------------------------------
[PRODUCER / BRISC] (Weights)
  > DRAM Read Issue         : 0.3188 ms (Active DRAM BW)
  > DRAM Read Latency       : 0.8092 ms (Wait for Return)
  > NoC Multicast (Stream)  : 1.5972 ms (Active NoC BW)
--------------------------------------------------
[PRODUCER / NCRISC] (Activations)
  > DRAM Read Issue         : 0.1755 ms (Active DRAM BW)
  > DRAM Read Latency       : 3.9833 ms (Wait for Return)
--------------------------------------------------
