Parsing research_codes/profile_log_device_with_sharding_2.csv...
Detected Frequency: 1350.0 MHz
Processed 902464 lines

----------------------------------------------------------------------------------------------------------------------------------
ANALYSIS REPORT (Freq: 1350.0 MHz) - Grouped by Source File
Max Time = Latency of the slowest core (Bottleneck Analysis)
----------------------------------------------------------------------------------------------------------------------------------

[BRISC]
Category                  Zone Name                                     Source File                         Count    Avg/Iter   Max/Iter   Max(ms)
-----------------------------------------------------------------------------------------------------------------------------------------------------------
FIRMWARE                  BRISC-FW                                      brisc.cc                            320      0.0142     0.2507     4.5499
KERNEL_OTHER              BRISC-KERNEL                                  brisck.cc                           320      0.0134     0.2496     4.2948
NOC_WAIT_MATMUL           NOC-MCAST-WAIT-PADDING                        reader_bmm_tile_layout_in1_receiver_writer_padding.cpp 244      0.0101     0.0120     2.4708
NOC_WAIT_MATMUL           NOC-BARRIER-WAIT-IN1-PADDING                  reader_bmm_tile_layout_in1_sender_writer_padding.cpp 244      0.0018     0.0037     0.4330
SUBZONE_MATMUL            READ-IN1-DRAM-TO-SRAM-PADDING                 reader_bmm_tile_layout_in1_sender_writer_padding.cpp 244      0.0044     0.0052     1.0784

[NCRISC]
Category                  Zone Name                                     Source File                         Count    Avg/Iter   Max/Iter   Max(ms)
-----------------------------------------------------------------------------------------------------------------------------------------------------------
FIRMWARE                  NCRISC-FW                                     ncrisc.cc                           320      0.0082     0.2173     2.6098
KERNEL_OTHER              NCRISC-KERNEL                                 ncrisck.cc                          320      0.0075     0.2162     2.4116

[TRISC_0]
Category                  Zone Name                                     Source File                         Count    Avg/Iter   Max/Iter   Max(ms)
-----------------------------------------------------------------------------------------------------------------------------------------------------------
DATA_WAIT_MATMUL          CB-WAIT-FRONT                                 bmm_large_block_zm_fused_bias_activation.cpp 244      0.0106     0.0125     2.5968
FIRMWARE                  TRISC-FW                                      trisc.cc                            264      0.0159     0.2483     4.2031
KERNEL_OTHER              TRISC-KERNEL                                  trisck.cc                           264      0.0153     0.2472     4.0494
SUBZONE_MATMUL            BATCH-ITERATION                               bmm_large_block_zm_fused_bias_activation.cpp 66       0.0516     0.2470     3.4066
SUBZONE_MATMUL            CB-POP-FRONT                                  bmm_large_block_zm_fused_bias_activation.cpp 244      0.0001     0.0001     0.0127

[TRISC_1]
Category                  Zone Name                                     Source File                         Count    Avg/Iter   Max/Iter   Max(ms)
-----------------------------------------------------------------------------------------------------------------------------------------------------------
DATA_WAIT_MATMUL          CB-WAIT-FRONT                                 bmm_large_block_zm_fused_bias_activation.cpp 244      0.0000     0.0000     0.0041
FIRMWARE                  TRISC-FW                                      trisc.cc                            264      0.0159     0.2484     4.2029
KERNEL_OTHER              TRISC-KERNEL                                  trisck.cc                           264      0.0148     0.2473     3.9190
SUBZONE_MATMUL            BATCH-ITERATION                               bmm_large_block_zm_fused_bias_activation.cpp 66       0.0518     0.2471     3.4175
SUBZONE_MATMUL            CB-POP-FRONT                                  bmm_large_block_zm_fused_bias_activation.cpp 244      0.0000     0.0000     0.0038

[TRISC_2]
Category                  Zone Name                                     Source File                         Count    Avg/Iter   Max/Iter   Max(ms)
-----------------------------------------------------------------------------------------------------------------------------------------------------------
DATA_WAIT_MATMUL          CB-WAIT-FRONT                                 bmm_large_block_zm_fused_bias_activation.cpp 244      0.0000     0.0000     0.0040
FIRMWARE                  TRISC-FW                                      trisc.cc                            264      0.0159     0.2483     4.2101
KERNEL_OTHER              TRISC-KERNEL                                  trisck.cc                           264      0.0121     0.2338     3.1819
SUBZONE_MATMUL            BATCH-ITERATION                               bmm_large_block_zm_fused_bias_activation.cpp 66       0.0401     0.2336     2.6452
SUBZONE_MATMUL            CB-POP-FRONT                                  bmm_large_block_zm_fused_bias_activation.cpp 244      0.0000     0.0000     0.0038

----------------------------------------------------------------------------------------------------------------------------------
COMPONENT BREAKDOWN (Trace Analysis)
Note: Producer (BRISC) and Consumer (TRISC) run in parallel.
      Metrics are max latency across all cores.
----------------------------------------------------------------------------------------------------------------------------------
Total Forward Latency       : 3.4175 ms
--------------------------------------------------
[CONSUMER / TRISC]
  > Pure Compute            : 0.8208 ms
  > Data Wait Stall         : 2.5968 ms (Total Wait for Data)
--------------------------------------------------
[PRODUCER / BRISC] (IN1 - Activations)
  > DRAM Read Issue         : 1.0784 ms (Active DRAM BW)
    NOTE: Activations are always loaded from GDDR6 DRAM (never pre-sharded).
          Zone name 'READ-WEIGHT...' is misleading - this measures activation loading.
  > DRAM Read Latency       : 0.4330 ms (Wait for Return)
  > NoC Multicast (Stream)  : 0.0000 ms (Active NoC BW)
--------------------------------------------------
[PRODUCER / NCRISC] (IN0 - Weights)
  > DRAM Read Issue         : 0.0000 ms (Active DRAM BW)
  > DRAM Read Latency       : 0.0000 ms (Wait for Return)
--------------------------------------------------
