Parsing generated/profiler/.logs/profile_log_device.csv...
Detected Frequency: 1350.0 MHz
Processed 4852492 lines

----------------------------------------------------------------------------------------------------------------------------------
ANALYSIS REPORT (Freq: 1350.0 MHz) - Grouped by Source File
Max Time = Latency of the slowest core (Bottleneck Analysis)
----------------------------------------------------------------------------------------------------------------------------------

[BRISC]
Category                  Zone Name                                     Source File                         Max(ms)    Avg(ms)
----------------------------------------------------------------------------------------------------------------------------------
FIRMWARE                  BRISC-FW                                      brisc.cc                            9.0411     8.6082
KERNEL_OTHER              BRISC-KERNEL                                  brisck.cc                           8.8276     8.4156
NOC_WAIT_MATMUL           NOC-MCAST-WAIT-PADDING                        reader_bmm_tile_layout_in1_receiver_writer_padding.cpp 7.5583     6.9317
NOC_WAIT_MATMUL           NOC-BARRIER-WAIT-IN1-PADDING                  reader_bmm_tile_layout_in1_sender_writer_padding.cpp 0.8077     0.8077
SUBZONE_MATMUL            WEIGHT-STREAM-MCAST                           reader_bmm_tile_layout_in1_sender_writer_padding.cpp 1.5998     1.5998
WEIGHT_STREAM_MATMUL      READ-WEIGHT-DRAM-TO-SRAM-IN1-PADDING          reader_bmm_tile_layout_in1_sender_writer_padding.cpp 0.3188     0.3188

[NCRISC]
Category                  Zone Name                                     Source File                         Max(ms)    Avg(ms)
----------------------------------------------------------------------------------------------------------------------------------
ACT_STREAM_MATMUL         READ-IN0-DRAM-TO-SRAM-PADDING                 reader_bmm_tile_layout_in0_sender_padding.cpp 0.1758     0.1717
FIRMWARE                  NCRISC-FW                                     ncrisc.cc                           5.0409     4.7878
KERNEL_OTHER              NCRISC-KERNEL                                 ncrisck.cc                          4.9271     4.6937
NOC_WAIT_MATMUL           NOC-BARRIER-WAIT-IN0-PADDING                  reader_bmm_tile_layout_in0_sender_padding.cpp 3.9805     3.5041

[TRISC_0]
Category                  Zone Name                                     Source File                         Max(ms)    Avg(ms)
----------------------------------------------------------------------------------------------------------------------------------
DATA_WAIT_MATMUL          CB-WAIT-FRONT                                 bmm_large_block_zm_fused_bias_activation.cpp 3.5590     3.5041
FIRMWARE                  TRISC-FW                                      trisc.cc                            5.0090     4.8063
KERNEL_OTHER              TRISC-KERNEL                                  trisck.cc                           4.9159     4.7162
SUBZONE_MATMUL            BATCH-ITERATION                               bmm_large_block_zm_fused_bias_activation.cpp 4.4430     4.3809
SUBZONE_MATMUL            CB-POP-FRONT                                  bmm_large_block_zm_fused_bias_activation.cpp 0.0872     0.0862

[TRISC_1]
Category                  Zone Name                                     Source File                         Max(ms)    Avg(ms)
----------------------------------------------------------------------------------------------------------------------------------
DATA_WAIT_MATMUL          CB-WAIT-FRONT                                 bmm_large_block_zm_fused_bias_activation.cpp 0.0306     0.0268
FIRMWARE                  TRISC-FW                                      trisc.cc                            5.0048     4.8021
KERNEL_OTHER              TRISC-KERNEL                                  trisck.cc                           4.8211     4.6272
SUBZONE_MATMUL            BATCH-ITERATION                               bmm_large_block_zm_fused_bias_activation.cpp 4.4433     4.3814
SUBZONE_MATMUL            CB-POP-FRONT                                  bmm_large_block_zm_fused_bias_activation.cpp 0.0308     0.0272

[TRISC_2]
Category                  Zone Name                                     Source File                         Max(ms)    Avg(ms)
----------------------------------------------------------------------------------------------------------------------------------
DATA_WAIT_MATMUL          CB-WAIT-FRONT                                 bmm_large_block_zm_fused_bias_activation.cpp 0.0258     0.0256
FIRMWARE                  TRISC-FW                                      trisc.cc                            5.0229     4.8223
KERNEL_OTHER              TRISC-KERNEL                                  trisck.cc                           4.9023     4.7069
SUBZONE_MATMUL            BATCH-ITERATION                               bmm_large_block_zm_fused_bias_activation.cpp 4.4490     4.3868
SUBZONE_MATMUL            CB-POP-FRONT                                  bmm_large_block_zm_fused_bias_activation.cpp 0.0291     0.0272

----------------------------------------------------------------------------------------------------------------------------------
COMPONENT BREAKDOWN (Trace Analysis)
Note: Producer (BRISC) and Consumer (TRISC) run in parallel.
      Metrics are max latency across all cores.
----------------------------------------------------------------------------------------------------------------------------------
Total Forward Latency       : 4.4490 ms
--------------------------------------------------
[CONSUMER / TRISC]
  > Pure Compute            : 0.8900 ms
  > Data Wait Stall         : 3.5590 ms (Total Wait for Data)
--------------------------------------------------
[PRODUCER / BRISC] (Weights)
  > DRAM Read Issue         : 0.3188 ms (Active DRAM BW)
  > DRAM Read Latency       : 0.8077 ms (Wait for Return)
  > NoC Multicast (Stream)  : 1.5998 ms (Active NoC BW)
--------------------------------------------------
[PRODUCER / NCRISC] (Activations)
  > DRAM Read Issue         : 0.1758 ms (Active DRAM BW)
  > DRAM Read Latency       : 3.9805 ms (Wait for Return)
--------------------------------------------------
