Parsing generated/profiler/.logs/profile_log_device.csv...
Detected Frequency: 1350.0 MHz
Processed 902464 lines

----------------------------------------------------------------------------------------------------------------------------------
ANALYSIS REPORT (Freq: 1350.0 MHz) - Grouped by Source File
Max Time = Latency of the slowest core (Bottleneck Analysis)
----------------------------------------------------------------------------------------------------------------------------------

[BRISC]
Category                  Zone Name                                     Source File                         Max(ms)    Avg(ms)
----------------------------------------------------------------------------------------------------------------------------------
FIRMWARE                  BRISC-FW                                      brisc.cc                            4.5487     2.5685
KERNEL_OTHER              BRISC-KERNEL                                  brisck.cc                           4.2938     2.3779
NOC_WAIT_MATMUL           NOC-MCAST-WAIT-PADDING                        reader_bmm_tile_layout_in1_receiver_writer_padding.cpp 2.4685     2.3558
NOC_WAIT_MATMUL           NOC-BARRIER-WAIT-IN1-PADDING                  reader_bmm_tile_layout_in1_sender_writer_padding.cpp 0.4307     0.4307
SUBZONE_MATMUL            WEIGHT-STREAM-MCAST                           reader_bmm_tile_layout_in1_sender_writer_padding.cpp 0.9645     0.9645
WEIGHT_STREAM_MATMUL      READ-WEIGHT-DRAM-TO-SRAM-IN1-PADDING          reader_bmm_tile_layout_in1_sender_writer_padding.cpp 1.0794     1.0794

[NCRISC]
Category                  Zone Name                                     Source File                         Max(ms)    Avg(ms)
----------------------------------------------------------------------------------------------------------------------------------
FIRMWARE                  NCRISC-FW                                     ncrisc.cc                           2.6037     1.4967
KERNEL_OTHER              NCRISC-KERNEL                                 ncrisck.cc                          2.4058     1.3623

[TRISC_0]
Category                  Zone Name                                     Source File                         Max(ms)    Avg(ms)
----------------------------------------------------------------------------------------------------------------------------------
DATA_WAIT_MATMUL          CB-WAIT-FRONT                                 bmm_large_block_zm_fused_bias_activation.cpp 2.5957     2.5890
FIRMWARE                  TRISC-FW                                      trisc.cc                            4.1971     2.2749
KERNEL_OTHER              TRISC-KERNEL                                  trisck.cc                           4.0435     2.1640
SUBZONE_MATMUL            BATCH-ITERATION                               bmm_large_block_zm_fused_bias_activation.cpp 3.4055     3.3989
SUBZONE_MATMUL            CB-POP-FRONT                                  bmm_large_block_zm_fused_bias_activation.cpp 0.0127     0.0127

[TRISC_1]
Category                  Zone Name                                     Source File                         Max(ms)    Avg(ms)
----------------------------------------------------------------------------------------------------------------------------------
DATA_WAIT_MATMUL          CB-WAIT-FRONT                                 bmm_large_block_zm_fused_bias_activation.cpp 0.0041     0.0040
FIRMWARE                  TRISC-FW                                      trisc.cc                            4.1970     2.2723
KERNEL_OTHER              TRISC-KERNEL                                  trisck.cc                           3.9202     2.0397
SUBZONE_MATMUL            BATCH-ITERATION                               bmm_large_block_zm_fused_bias_activation.cpp 3.4163     3.4100
SUBZONE_MATMUL            CB-POP-FRONT                                  bmm_large_block_zm_fused_bias_activation.cpp 0.0038     0.0037

[TRISC_2]
Category                  Zone Name                                     Source File                         Max(ms)    Avg(ms)
----------------------------------------------------------------------------------------------------------------------------------
DATA_WAIT_MATMUL          CB-WAIT-FRONT                                 bmm_large_block_zm_fused_bias_activation.cpp 0.0039     0.0039
FIRMWARE                  TRISC-FW                                      trisc.cc                            4.2044     2.2917
KERNEL_OTHER              TRISC-KERNEL                                  trisck.cc                           3.1809     1.7247
SUBZONE_MATMUL            BATCH-ITERATION                               bmm_large_block_zm_fused_bias_activation.cpp 2.6434     2.6117
SUBZONE_MATMUL            CB-POP-FRONT                                  bmm_large_block_zm_fused_bias_activation.cpp 0.0038     0.0038

----------------------------------------------------------------------------------------------------------------------------------
COMPONENT BREAKDOWN (Trace Analysis)
Note: Producer (BRISC) and Consumer (TRISC) run in parallel.
      Metrics are max latency across all cores.
----------------------------------------------------------------------------------------------------------------------------------
Total Forward Latency       : 3.4163 ms
--------------------------------------------------
[CONSUMER / TRISC]
  > Pure Compute            : 0.8207 ms
  > Data Wait Stall         : 2.5957 ms (Total Wait for Data)
--------------------------------------------------
[PRODUCER / BRISC] (Weights)
  > DRAM Read Issue         : 1.0794 ms (Active DRAM BW)
  > DRAM Read Latency       : 0.4307 ms (Wait for Return)
  > NoC Multicast (Stream)  : 0.9645 ms (Active NoC BW)
--------------------------------------------------
[PRODUCER / NCRISC] (Activations)
  > DRAM Read Issue         : 0.0000 ms (Active DRAM BW)
  > DRAM Read Latency       : 0.0000 ms (Wait for Return)
--------------------------------------------------
